
USER@DELL MINGW64 ~/Desktop/repo2
$ git clone https://github.com/MathankiSurendrakumar/firstRespository.git
Cloning into 'firstRespository'...
remote: Counting objects: 12, done.
remote: Compressing objects: 100% (8/8), done.
remote: Total 12 (delta 0), reused 3 (delta 0), pack-reused 0
Unpacking objects: 100% (12/12), done.
Checking connectivity... done.

USER@DELL MINGW64 ~/Desktop/repo2
$ git add .
fatal: Not a git repository (or any of the parent directories): .git

USER@DELL MINGW64 ~/Desktop/repo2
$ cd f
bash: cd: f: No such file or directory

USER@DELL MINGW64 ~/Desktop/repo2
$ cd firstRespository

USER@DELL MINGW64 ~/Desktop/repo2/firstRespository (master)
$ git add .

USER@DELL MINGW64 ~/Desktop/repo2/firstRespository (master)
$ git commit -am "huh"
[master 13951fe] huh
 1 file changed, 1 insertion(+)

USER@DELL MINGW64 ~/Desktop/repo2/firstRespository (master)
$ git push origin master
Username for 'https://github.com': MathankiSurendrakumar
Password for 'https://MathankiSurendrakumar@github.com':
Counting objects: 3, done.
Delta compression using up to 4 threads.
Compressing objects: 100% (3/3), done.
Writing objects: 100% (3/3), 315 bytes | 0 bytes/s, done.
Total 3 (delta 0), reused 0 (delta 0)
To https://github.com/MathankiSurendrakumar/firstRespository.git
   47ddce4..13951fe  master -> master

USER@DELL MINGW64 ~/Desktop/repo2/firstRespository (master)
$ git commit -am "huuh"
On branch master
Your branch is up-to-date with 'origin/master'.
nothing to commit, working directory clean

USER@DELL MINGW64 ~/Desktop/repo2/firstRespository (master)
$ git status
On branch master
Your branch is up-to-date with 'origin/master'.
nothing to commit, working directory clean

USER@DELL MINGW64 ~/Desktop/repo2/firstRespository (master)
$ git pull --rebase origin master
remote: Counting objects: 3, done.
remote: Compressing objects: 100% (2/2), done.
remote: Total 3 (delta 0), reused 0 (delta 0), pack-reused 0
Unpacking objects: 100% (3/3), done.
From https://github.com/MathankiSurendrakumar/firstRespository
 * branch            master     -> FETCH_HEAD
   13951fe..adc9a2f  master     -> origin/master
First, rewinding head to replay your work on top of it...
Fast-forwarded master to adc9a2f137c0951f2fd8e95f67de17504bee2a1c.

USER@DELL MINGW64 ~/Desktop/repo2/firstRespository (master)
$ git push origin master
Username for 'https://github.com': MathankiSurendrakumar
Password for 'https://MathankiSurendrakumar@github.com':
Everything up-to-date

USER@DELL MINGW64 ~/Desktop/repo2/firstRespository (master)
$ git commit -am "huuh"
On branch master
Your branch is up-to-date with 'origin/master'.
nothing to commit, working directory clean

USER@DELL MINGW64 ~/Desktop/repo2/firstRespository (master)
$ git remote
origin

USER@DELL MINGW64 ~/Desktop/repo2/firstRespository (master)
$ git remote branch
error: Unknown subcommand: branch
usage: git remote [-v | --verbose]
   or: git remote add [-t <branch>] [-m <master>] [-f] [--tags | --no-tags] [--m                                                                                                                irror=<fetch|push>] <name> <url>
   or: git remote rename <old> <new>
   or: git remote remove <name>
   or: git remote set-head <name> (-a | --auto | -d | --delete | <branch>)
   or: git remote [-v | --verbose] show [-n] <name>
   or: git remote prune [-n | --dry-run] <name>
   or: git remote [-v | --verbose] update [-p | --prune] [(<group> | <remote>)..                                                                                                                .]
   or: git remote set-branches [--add] <name> <branch>...
   or: git remote set-url [--push] <name> <newurl> [<oldurl>]
   or: git remote set-url --add <name> <newurl>
   or: git remote set-url --delete <name> <url>

    -v, --verbose         be verbose; must be placed before a subcommand


USER@DELL MINGW64 ~/Desktop/repo2/firstRespository (master)
$ git remote -v
origin  https://github.com/MathankiSurendrakumar/firstRespository.git (fetch)
origin  https://github.com/MathankiSurendrakumar/firstRespository.git (push)

USER@DELL MINGW64 ~/Desktop/repo2/firstRespository (master)
$ git push development master
fatal: 'development' does not appear to be a git repository
fatal: Could not read from remote repository.

Please make sure you have the correct access rights
and the repository exists.

USER@DELL MINGW64 ~/Desktop/repo2/firstRespository (master)
$ git log --all
commit adc9a2f137c0951f2fd8e95f67de17504bee2a1c
Author: MathankiSurendrakumar <mathanki.s@findmyfare.lk>
Date:   Wed Aug 26 12:45:00 2015 +0530

    server commit

commit 13951fe79b89f98908902e0bf1f0d544734ff4dd
Author: Mathanki <mathanki.s@findmyfare.lk>
Date:   Wed Aug 26 12:43:27 2015 +0530

    huh

commit 47ddce458462686b8e0e69cc0330aa2e8d26f370
Author: MathankiSurendrakumar <mathanki.s@findmyfare.lk>
Date:   Wed Aug 26 12:23:42 2015 +0530

    Update file1.txt

commit 14dc16e304c327c2b3df8066f4f1fda3c8105b35
Author: MathankiSurendrakumar <mathanki.s@findmyfare.lk>
Date:   Wed Aug 26 12:22:50 2015 +0530

    Update file1.txt

commit 71b2589131a3b6efe934d165f703c3c000bffbc0
Author: MathankiSurendrakumar <mathanki.s@findmyfare.lk>
Date:   Wed Aug 26 12:22:17 2015 +0530

    Create file2

commit f51c00c4d1fdbef2d5e4a560e65ab978b39a9b1f
Author: Mathanki <mathanki.s@findmyfare.lk>
Date:   Wed Aug 26 12:16:19 2015 +0530

    init commit
(END)
commit adc9a2f137c0951f2fd8e95f67de17504bee2a1c
Author: MathankiSurendrakumar <mathanki.s@findmyfare.lk>
Date:   Wed Aug 26 12:45:00 2015 +0530

    server commit

commit 13951fe79b89f98908902e0bf1f0d544734ff4dd
Author: Mathanki <mathanki.s@findmyfare.lk>
Date:   Wed Aug 26 12:43:27 2015 +0530

    huh

commit 47ddce458462686b8e0e69cc0330aa2e8d26f370
Author: MathankiSurendrakumar <mathanki.s@findmyfare.lk>
Date:   Wed Aug 26 12:23:42 2015 +0530

    Update file1.txt

commit 14dc16e304c327c2b3df8066f4f1fda3c8105b35
Author: MathankiSurendrakumar <mathanki.s@findmyfare.lk>
Date:   Wed Aug 26 12:22:50 2015 +0530

    Update file1.txt

commit 71b2589131a3b6efe934d165f703c3c000bffbc0
Author: MathankiSurendrakumar <mathanki.s@findmyfare.lk>
Date:   Wed Aug 26 12:22:17 2015 +0530

    Create file2

commit f51c00c4d1fdbef2d5e4a560e65ab978b39a9b1f
Author: Mathanki <mathanki.s@findmyfare.lk>
Date:   Wed Aug 26 12:16:19 2015 +0530

    init commit
~
~
~
~
~
~
~
~
~
~
~
~
~
~
~
~
~
USER@DELL MINGW64 ~/Desktop/repo2/firstRespository (master)
$ git push origin master
Username for 'https://github.com': MathankiSurendrakumar
Password for 'https://MathankiSurendrakumar@github.com':
Everything up-to-date

USER@DELL MINGW64 ~/Desktop/repo2/firstRespository (master)
$ git pull --oneline --graph --all
error: unknown option `oneline'
usage: git pull [options] [<repository> [<refspec>...]]
    Fetch one or more remote refs and integrate it/them with the current HEAD.

    -v, --verbose         be more verbose
    -q, --quiet           be more quiet
    --progress            force progress reporting

Options related to merging
    -r, --rebase[=<false|true|preserve>]
                          incorporate changes by rebasing rather than merging
    -n                    do not show a diffstat at the end of the merge
    --stat                show a diffstat at the end of the merge
    --summary             (synonym to --stat)
    --log[=<n>]           add (at most <n>) entries from shortlog to merge commi                                                                                                                t message
    --squash              create a single commit instead of doing a merge
    --commit              perform a commit if the merge succeeds (default)
    -e, --edit            edit message before committing
    --ff                  allow fast-forward
    --ff-only             abort if fast-forward is not possible
    --verify-signatures   verify that the named commit has a valid GPG signature
    -s, --strategy <strategy>
                          merge strategy to use
    -X, --strategy-option <option>
                          option for selected merge strategy
    -S, --gpg-sign[=<key-id>]
                          GPG sign commit

Options related to fetching
    --all                 fetch from all remotes
    -a, --append          append to .git/FETCH_HEAD instead of overwriting
    --upload-pack <path>  path to upload pack on remote end
    -f, --force           force overwrite of local branch
    -t, --tags            fetch all tags and associated objects
    -p, --prune           prune remote-tracking branches no longer on remote
    --recurse-submodules[=<on-demand>]
                          control recursive fetching of submodules
    --dry-run             dry run
    -k, --keep            keep downloaded pack
    --depth <depth>       deepen history of shallow clone
    --unshallow           convert to a complete repository
    --update-shallow      accept refs that update .git/shallow
    --refmap <refmap>     specify fetch refmap


USER@DELL MINGW64 ~/Desktop/repo2/firstRespository (master)
$ git pull --rebase origin master
From https://github.com/MathankiSurendrakumar/firstRespository
 * branch            master     -> FETCH_HEAD
Current branch master is up to date.

USER@DELL MINGW64 ~/Desktop/repo2/firstRespository (master)
$ git pull --rebase development master
fatal: 'development' does not appear to be a git repository
fatal: Could not read from remote repository.

Please make sure you have the correct access rights
and the repository exists.

USER@DELL MINGW64 ~/Desktop/repo2/firstRespository (master)
$ git remote
origin

USER@DELL MINGW64 ~/Desktop/repo2/firstRespository (master)
$ git remote log
error: Unknown subcommand: log
usage: git remote [-v | --verbose]
   or: git remote add [-t <branch>] [-m <master>] [-f] [--tags | --no-tags] [--m                                                                                                                irror=<fetch|push>] <name> <url>
   or: git remote rename <old> <new>
   or: git remote remove <name>
   or: git remote set-head <name> (-a | --auto | -d | --delete | <branch>)
   or: git remote [-v | --verbose] show [-n] <name>
   or: git remote prune [-n | --dry-run] <name>
   or: git remote [-v | --verbose] update [-p | --prune] [(<group> | <remote>)..                                                                                                                .]
   or: git remote set-branches [--add] <name> <branch>...
   or: git remote set-url [--push] <name> <newurl> [<oldurl>]
   or: git remote set-url --add <name> <newurl>
   or: git remote set-url --delete <name> <url>

    -v, --verbose         be verbose; must be placed before a subcommand


USER@DELL MINGW64 ~/Desktop/repo2/firstRespository (master)
$ git checkout development
error: pathspec 'development' did not match any file(s) known to git.

USER@DELL MINGW64 ~/Desktop/repo2/firstRespository (master)
$ git pull --rebase development master
fatal: 'development' does not appear to be a git repository
fatal: Could not read from remote repository.

Please make sure you have the correct access rights
and the repository exists.

USER@DELL MINGW64 ~/Desktop/repo2/firstRespository (master)
$
